../Core/Src/SYSTICK_program.c:12:6:STK_voidInit	4	static
../Core/Src/SYSTICK_program.c:30:6:STK_voidStartTimer	16	static
../Core/Src/SYSTICK_program.c:35:6:STK_voidStopTimer	4	static
../Core/Src/SYSTICK_program.c:40:6:STK_voidSetBusyWait	24	static
../Core/Src/SYSTICK_program.c:57:6:STK_voidSetInterval_Single	16	static
../Core/Src/SYSTICK_program.c:70:6:STK_voidSetInterval_Periodic	16	static
../Core/Src/SYSTICK_program.c:84:5:STK_GetElapsedTime	4	static
../Core/Src/SYSTICK_program.c:88:5:STK_GetRemainingTime	4	static
../Core/Src/SYSTICK_program.c:93:6:SysTick_Handler	8	static
